> Building...
√ Building...
Initial chunk files | Names                        |  Raw size
chunk-L4AUMLQD.js   | -                            | 167.68 kB | 
main.js             | main                         |  37.54 kB | 
styles.css          | styles                       |  20.31 kB | 
chunk-IRWLLII3.js   | -                            |  16.81 kB | 
chunk-VCNVYDFE.js   | -                            |   3.61 kB | 
chunk-NSYY34XN.js   | -                            |   1.35 kB | 
chunk-VUJOFXKG.js   | -                            | 938 bytes | 

                    | Initial total                | 248.22 kB

Lazy chunk files    | Names                        |  Raw size
chunk-MHGKQNDS.js   | trazabilidad-component       | 181.49 kB | 
chunk-MONY66JF.js   | inventario-component         | 153.55 kB | 
chunk-EMP5YEIH.js   | expediente-unico-component   | 138.26 kB | 
chunk-LEJ6PHIJ.js   | preparacion-component        | 137.12 kB | 
chunk-7CLKTPHV.js   | configuracion-component      | 127.50 kB | 
chunk-WVTII6XG.js   | dashboard-component          | 109.35 kB | 
chunk-H2PATW3B.js   | expediente-tecnico-component |  99.68 kB | 
chunk-7IIJSCEH.js   | entrega-component            |  94.59 kB | 
chunk-W3H7AHF6.js   | documentos-component         |  88.77 kB | 
chunk-GWD7YYNF.js   | catalogo-software-component  |  71.17 kB | 
chunk-DAHYCQGK.js   | garantia-component           |  65.52 kB | 
chunk-FTA7WPMU.js   | asignacion-component         |  60.46 kB | 
chunk-APKAKW4G.js   | -                            |  49.46 kB | 
chunk-APER3DT2.js   | conformidad-component        |  42.90 kB | 
chunk-V23N7534.js   | descargo-component           |  34.06 kB | 
...and 7 more lazy chunks files. Use "--verbose" to show all the files.

Application bundle generation complete. [4.654 seconds] - 2026-08-02T18:29:45.944Z

Watch mode enabled. Watching for file changes...
NOTE: Raw file sizes do not reflect development server per-request transformations.
  ➜  Local:   http://localhost:4230/
